// Jest Snapshot v1, https://goo.gl/fbAQLP

exports[`Reports Page Filter Form tests should render default Reports page filter form component 1`] = `
<Fragment>
  <Component>
    <div>
      Select a date range to view available Daily, Weekly, and Monthly reports.
    </div>
    <Component>
      <Component
        span={2}
      >
        <SimpleInputGroups
          changeDate={[Function]}
          dateType="StartDate"
          key="StartDate"
        />
      </Component>
      <Component
        span={2}
      >
        <SimpleInputGroups
          changeDate={[Function]}
          dateType="EndDate"
          key="EndDate"
        />
      </Component>
    </Component>
    <Component>
      <Component
        span={2}
      >
        <CsvDownload
          data={null}
        >
          Download as CSV
        </CsvDownload>
      </Component>
    </Component>
    <Component>
      <Component
        span={2}
      >
        <ReportTypeDropdown
          ReportType=""
          setReportType={[Function]}
        />
      </Component>
    </Component>
    <Component>
      <Component
        span={2}
      >
        <ReportFrequencyDropdown
          ReportFrequency=""
          setReportFrequency={[Function]}
        />
      </Component>
    </Component>
    <Component>
      <Component>
        <Component
          span={1}
        >
          <Component
            onClick={[Function]}
          >
            Submit
          </Component>
        </Component>
      </Component>
    </Component>
    <Component>
      <Component
        rowSpan={8}
        span={4}
      />
    </Component>
  </Component>
</Fragment>
`;
