// Jest Snapshot v1, https://goo.gl/fbAQLP

exports[`App tests should render default App component 1`] = `
<BrowserRouter>
  <AppLayout>
    <AppRoutes />
  </AppLayout>
</BrowserRouter>
`;

exports[`App tests should render the dashboard page 1`] = `
<Component>
  <Component
    headingLevel="h1"
    size="lg"
  >
    Dashboard Page Title
  </Component>
</Component>
`;
